---
source: src/transform.rs
expression: result
---
expressions:
  - lhs: ~0
    rhs:
      Multiple:
        - NonTerminal:
            - B
            - name: ""
        - NonTerminal:
            - C
            - name: ""
        - name: ""
  - lhs: A
    rhs:
      Multiple:
        - NonTerminal:
            - A
            - name: ""
        - NonTerminal:
            - ~0
            - name: ~
        - name: ~

