---
source: src/parser.rs
expression: result
---
- "\n         filter ::= 'a:' \\n 'b:';\n     "
- - lhs: filter
    rhs:
      Multiple:
        - - Terminal:
              - "a:"
              - name: ""
          - Fmt: n
          - Terminal:
              - "b:"
              - name: ""
        - name: ""

